
template 
{
    name = "template_2";
    type = TEXTUAL;
    width = 84;
    maxheight = 120;
    columns = (1, 1);
    gap = 1;
    fillpolicy = EVEN;
    filldirection = HORIZONTAL;
    fillstartfrom = TOPLEFT;
    margins = (4, 0, 0, 0);
    gridxspacing = 1;
    gridyspacing = 1;
    version = 3.6;
    created = "29.10.2004 12:12";
    modified = "24.05.2019 13:59";
    notes = "Converted template";

    pageheader 
    {
        name = "PAGEHEADER";
        height = 6;
        outputpolicy = NONE;

        valuefield 
        {
            name = "PAGE";
            location = (77, 4);
            formula = "GetValue(\"PAGE\")";
            maxnumoflines = 1;
            datatype = STRING;
            class = "";
            cacheable = FALSE;
            formatzeroasempty = FALSE;
            justify = RIGHT;
            visibility = TRUE;
            angle = 0;
            length = 3;
            decimals = 0;
            sortdirection = NONE;
            fontname = "Courier New";
            fontcolor = 153;
            fonttype = 2;
            fontsize = 0.8;
            fontratio = 0.75;
            fontstyle = 0;
            fontslant = 0;
            pen = 0;
            oncombine = NONE;
        };

        valuefield 
        {
            name = "DATE";
            location = (70, 3);
            formula = "GetValue(\"DATE\")";
            maxnumoflines = 1;
            datatype = STRING;
            class = "Date";
            cacheable = TRUE;
            formatzeroasempty = FALSE;
            justify = LEFT;
            visibility = TRUE;
            angle = 0;
            length = 10;
            sortdirection = NONE;
            fontname = "Courier New";
            fontcolor = 153;
            fonttype = 2;
            fontsize = 0.8;
            fontratio = 0.75;
            fontstyle = 0;
            fontslant = 0;
            pen = 0;
            oncombine = NONE;
        };

        valuefield 
        {
            name = "PROJECT_NUMBER";
            location = (34, 4);
            formula = "GetValue(\"PROJECT.NUMBER\")";
            maxnumoflines = 1;
            datatype = INTEGER;
            class = "";
            cacheable = TRUE;
            formatzeroasempty = FALSE;
            justify = LEFT;
            visibility = TRUE;
            angle = 0;
            length = 33;
            decimals = 0;
            sortdirection = NONE;
            fontname = "Courier New";
            fontcolor = 153;
            fonttype = 2;
            fontsize = 0.8;
            fontratio = 0.75;
            fontstyle = 0;
            fontslant = 0;
            pen = 0;
            oncombine = NONE;
        };

        valuefield 
        {
            name = "PROJECT_NAME";
            location = (16, 3);
            formula = "GetValue(\"PROJECT.NAME\")";
            maxnumoflines = 1;
            datatype = STRING;
            class = "";
            cacheable = TRUE;
            formatzeroasempty = FALSE;
            justify = LEFT;
            visibility = TRUE;
            angle = 0;
            length = 47;
            decimals = 0;
            sortdirection = NONE;
            fontname = "Courier New";
            fontcolor = 153;
            fonttype = 2;
            fontsize = 0.8;
            fontratio = 0.75;
            fontstyle = 0;
            fontslant = 0;
            pen = 0;
            oncombine = NONE;
        };

        text 
        {
            name = "text_2736";
            x1 = 0;
            y1 = 2;
            x2 = 0;
            y2 = 2;
            string = "----------------";
            fontname = "Courier New";
            fontcolor = 153;
            fonttype = 2;
            fontsize = 0.8;
            fontratio = 0.75;
            fontslant = 0;
            fontstyle = 0;
            angle = 0;
            justify = LEFT;
            pen = 0;
        };

        text 
        {
            name = "text_2527";
            x1 = 0;
            y1 = 0;
            x2 = 0;
            y2 = 0;
            string = "----------------";
            fontname = "Courier New";
            fontcolor = 153;
            fonttype = 2;
            fontsize = 0.8;
            fontratio = 0.75;
            fontslant = 0;
            fontstyle = 0;
            angle = 0;
            justify = LEFT;
            pen = 0;
        };

        text 
        {
            name = "text_144";
            x1 = 16;
            y1 = 5;
            x2 = 16;
            y2 = 5;
            string = "------------------";
            fontname = "Courier New";
            fontcolor = 153;
            fonttype = 2;
            fontsize = 0.8;
            fontratio = 0.75;
            fontslant = 0;
            fontstyle = 0;
            angle = 0;
            justify = LEFT;
            pen = 0;
        };

        text 
        {
            name = "text_143";
            x1 = 34;
            y1 = 5;
            x2 = 34;
            y2 = 5;
            string = "------------------";
            fontname = "Courier New";
            fontcolor = 153;
            fonttype = 2;
            fontsize = 0.8;
            fontratio = 0.75;
            fontslant = 0;
            fontstyle = 0;
            angle = 0;
            justify = LEFT;
            pen = 0;
        };

        text 
        {
            name = "text_138";
            x1 = 70;
            y1 = 0;
            x2 = 70;
            y2 = 0;
            string = "---------";
            fontname = "Courier New";
            fontcolor = 153;
            fonttype = 2;
            fontsize = 0.8;
            fontratio = 0.75;
            fontslant = 0;
            fontstyle = 0;
            angle = 0;
            justify = LEFT;
            pen = 0;
        };

        text 
        {
            name = "text_141";
            x1 = 70;
            y1 = 5;
            x2 = 70;
            y2 = 5;
            string = "---------";
            fontname = "Courier New";
            fontcolor = 153;
            fonttype = 2;
            fontsize = 0.8;
            fontratio = 0.75;
            fontslant = 0;
            fontstyle = 0;
            angle = 0;
            justify = LEFT;
            pen = 0;
        };

        text 
        {
            name = "text_126";
            x1 = 70;
            y1 = 4;
            x2 = 70;
            y2 = 4;
            string = "Strona:";
            fontname = "Courier New";
            fontcolor = 153;
            fonttype = 2;
            fontsize = 0.8;
            fontratio = 0.75;
            fontslant = 0;
            fontstyle = 0;
            angle = 0;
            justify = LEFT;
            pen = 0;
        };

        text 
        {
            name = "text_1583";
            x1 = 0;
            y1 = 3;
            x2 = 0;
            y2 = 3;
            string = "NAZWA PROJEKTU:";
            fontname = "Courier New";
            fontcolor = 153;
            fonttype = 2;
            fontsize = 0.8;
            fontratio = 0.75;
            fontslant = 0;
            fontstyle = 0;
            angle = 0;
            justify = LEFT;
            pen = 0;
        };

        text 
        {
            name = "text_137";
            x1 = 70;
            y1 = 2;
            x2 = 70;
            y2 = 2;
            string = "---------";
            fontname = "Courier New";
            fontcolor = 153;
            fonttype = 2;
            fontsize = 0.8;
            fontratio = 0.75;
            fontslant = 0;
            fontstyle = 0;
            angle = 0;
            justify = LEFT;
            pen = 0;
        };

        text 
        {
            name = "text_122";
            x1 = 64;
            y1 = 3;
            x2 = 64;
            y2 = 3;
            string = "Data:";
            fontname = "Courier New";
            fontcolor = 153;
            fonttype = 2;
            fontsize = 0.8;
            fontratio = 0.75;
            fontslant = 0;
            fontstyle = 0;
            angle = 0;
            justify = LEFT;
            pen = 0;
        };

        text 
        {
            name = "text_120";
            x1 = 0;
            y1 = 4;
            x2 = 0;
            y2 = 4;
            string = "LISTA MATERIA£OWA DLA PROJEKTU NR";
            fontname = "Courier New";
            fontcolor = 153;
            fonttype = 2;
            fontsize = 0.8;
            fontratio = 0.75;
            fontslant = 0;
            fontstyle = 0;
            angle = 0;
            justify = LEFT;
            pen = 0;
        };

        text 
        {
            name = "text_2530";
            x1 = 0;
            y1 = 5;
            x2 = 0;
            y2 = 5;
            string = "--";
            fontname = "Courier New";
            fontcolor = 153;
            fonttype = 2;
            fontsize = 0.8;
            fontratio = 0.75;
            fontslant = 0;
            fontstyle = 0;
            angle = 0;
            justify = LEFT;
            pen = 0;
        };

        text 
        {
            name = "text_8";
            x1 = 16;
            y1 = 2;
            x2 = 16;
            y2 = 2;
            string = "------------------";
            fontname = "Courier New";
            fontcolor = 153;
            fonttype = 2;
            fontsize = 0.8;
            fontratio = 0.75;
            fontslant = 0;
            fontstyle = 0;
            angle = 0;
            justify = LEFT;
            pen = 0;
        };

        text 
        {
            name = "text_9";
            x1 = 34;
            y1 = 2;
            x2 = 34;
            y2 = 2;
            string = "------------------";
            fontname = "Courier New";
            fontcolor = 153;
            fonttype = 2;
            fontsize = 0.8;
            fontratio = 0.75;
            fontslant = 0;
            fontstyle = 0;
            angle = 0;
            justify = LEFT;
            pen = 0;
        };

        text 
        {
            name = "text_10";
            x1 = 52;
            y1 = 2;
            x2 = 52;
            y2 = 2;
            string = "------------------";
            fontname = "Courier New";
            fontcolor = 153;
            fonttype = 2;
            fontsize = 0.8;
            fontratio = 0.75;
            fontslant = 0;
            fontstyle = 0;
            angle = 0;
            justify = LEFT;
            pen = 0;
        };

        text 
        {
            name = "text_129";
            x1 = 52;
            y1 = 0;
            x2 = 52;
            y2 = 0;
            string = "------------------";
            fontname = "Courier New";
            fontcolor = 153;
            fonttype = 2;
            fontsize = 0.8;
            fontratio = 0.75;
            fontslant = 0;
            fontstyle = 0;
            angle = 0;
            justify = LEFT;
            pen = 0;
        };

        text 
        {
            name = "text_130";
            x1 = 34;
            y1 = 0;
            x2 = 34;
            y2 = 0;
            string = "------------------";
            fontname = "Courier New";
            fontcolor = 153;
            fonttype = 2;
            fontsize = 0.8;
            fontratio = 0.75;
            fontslant = 0;
            fontstyle = 0;
            angle = 0;
            justify = LEFT;
            pen = 0;
        };

        text 
        {
            name = "text_131";
            x1 = 16;
            y1 = 0;
            x2 = 16;
            y2 = 0;
            string = "------------------";
            fontname = "Courier New";
            fontcolor = 153;
            fonttype = 2;
            fontsize = 0.8;
            fontratio = 0.75;
            fontslant = 0;
            fontstyle = 0;
            angle = 0;
            justify = LEFT;
            pen = 0;
        };

        text 
        {
            name = "text_15";
            x1 = 0;
            y1 = 1;
            x2 = 0;
            y2 = 1;
            string = "Profil";
            fontname = "Courier New";
            fontcolor = 153;
            fonttype = 2;
            fontsize = 0.8;
            fontratio = 0.75;
            fontslant = 0;
            fontstyle = 0;
            angle = 0;
            justify = LEFT;
            pen = 0;
        };

        text 
        {
            name = "text_16";
            x1 = 16;
            y1 = 1;
            x2 = 16;
            y2 = 1;
            string = "Materia³";
            fontname = "Courier New";
            fontcolor = 153;
            fonttype = 2;
            fontsize = 0.8;
            fontratio = 0.75;
            fontslant = 0;
            fontstyle = 0;
            angle = 0;
            justify = LEFT;
            pen = 0;
        };

        text 
        {
            name = "text_17";
            x1 = 33;
            y1 = 1;
            x2 = 33;
            y2 = 1;
            string = "Szt.";
            fontname = "Courier New";
            fontcolor = 153;
            fonttype = 2;
            fontsize = 0.8;
            fontratio = 0.75;
            fontslant = 0;
            fontstyle = 0;
            angle = 0;
            justify = LEFT;
            pen = 0;
        };

        text 
        {
            name = "text_18";
            x1 = 41;
            y1 = 1;
            x2 = 41;
            y2 = 1;
            string = "D³ugoœæ(mm)";
            fontname = "Courier New";
            fontcolor = 153;
            fonttype = 2;
            fontsize = 0.8;
            fontratio = 0.75;
            fontslant = 0;
            fontstyle = 0;
            angle = 0;
            justify = LEFT;
            pen = 0;
        };

        text 
        {
            name = "text_142";
            x1 = 52;
            y1 = 5;
            x2 = 52;
            y2 = 5;
            string = "------------------";
            fontname = "Courier New";
            fontcolor = 153;
            fonttype = 2;
            fontsize = 0.8;
            fontratio = 0.75;
            fontslant = 0;
            fontstyle = 0;
            angle = 0;
            justify = LEFT;
            pen = 0;
        };

        text 
        {
            name = "text_19";
            x1 = 56;
            y1 = 1;
            x2 = 56;
            y2 = 1;
            string = "Pow(m2)";
            fontname = "Courier New";
            fontcolor = 153;
            fonttype = 2;
            fontsize = 0.8;
            fontratio = 0.75;
            fontslant = 0;
            fontstyle = 0;
            angle = 0;
            justify = LEFT;
            pen = 0;
        };

        text 
        {
            name = "text_20";
            x1 = 66;
            y1 = 1;
            x2 = 66;
            y2 = 1;
            string = "Ciê¿ar(kg)";
            fontname = "Courier New";
            fontcolor = 153;
            fonttype = 2;
            fontsize = 0.8;
            fontratio = 0.75;
            fontslant = 0;
            fontstyle = 0;
            angle = 0;
            justify = LEFT;
            pen = 0;
        };

        text 
        {
            name = "text_2526";
            x1 = 2;
            y1 = 5;
            x2 = 2;
            y2 = 5;
            string = "--------------";
            fontname = "Courier New";
            fontcolor = 153;
            fonttype = 2;
            fontsize = 0.8;
            fontratio = 0.75;
            fontslant = 0;
            fontstyle = 0;
            angle = 0;
            justify = LEFT;
            pen = 0;
        };
    };

    row 
    {
        name = "PART";
        height = 1;
        visibility = TRUE;
        usecolumns = FALSE;
        rule = "";
        contenttype = "PART";
        sorttype = COMBINE;

        valuefield 
        {
            name = "PROFILE";
            location = (1, 0);
            formula = "GetValue(\"PROFILE\")";
            maxnumoflines = 1;
            datatype = STRING;
            class = "";
            cacheable = TRUE;
            formatzeroasempty = FALSE;
            justify = LEFT;
            visibility = TRUE;
            angle = 0;
            length = 14;
            sortdirection = ASCENDING;
            fontname = "Courier New";
            fontcolor = 153;
            fonttype = 2;
            fontsize = 0.8;
            fontratio = 0.75;
            fontstyle = 0;
            fontslant = 0;
            pen = 0;
            oncombine = NONE;
        };

        valuefield 
        {
            name = "MATERIAL";
            location = (16, 0);
            formula = "GetValue(\"MATERIAL\")";
            maxnumoflines = 1;
            datatype = STRING;
            class = "";
            cacheable = TRUE;
            formatzeroasempty = FALSE;
            justify = LEFT;
            visibility = TRUE;
            angle = 0;
            length = 15;
            decimals = 0;
            sortdirection = DESCENDING;
            fontname = "Courier New";
            fontcolor = 153;
            fonttype = 2;
            fontsize = 0.8;
            fontratio = 0.75;
            fontstyle = 0;
            fontslant = 0;
            pen = 0;
            oncombine = NONE;
        };

        valuefield 
        {
            name = "NUMBER";
            location = (32, 0);
            formula = "GetValue(\"NUMBER\")";
            maxnumoflines = 1;
            datatype = INTEGER;
            class = "";
            cacheable = TRUE;
            formatzeroasempty = FALSE;
            justify = RIGHT;
            visibility = TRUE;
            angle = 0;
            length = 5;
            sortdirection = DESCENDING;
            fontname = "Courier New";
            fontcolor = 153;
            fonttype = 2;
            fontsize = 0.8;
            fontratio = 0.75;
            fontstyle = 0;
            fontslant = 0;
            pen = 0;
            oncombine = SUM;
        };

        valuefield 
        {
            name = "LENGTH_field";
            location = (38, 0);
            formula = "GetValue(\"LENGTH\")";
            maxnumoflines = 1;
            datatype = DOUBLE;
            class = "Length";
            cacheable = TRUE;
            formatzeroasempty = FALSE;
            justify = RIGHT;
            visibility = TRUE;
            angle = 0;
            length = 10;
            decimals = 0;
            sortdirection = DESCENDING;
            fontname = "Courier New";
            fontcolor = 153;
            fonttype = 2;
            fontsize = 0.8;
            fontratio = 0.75;
            fontstyle = 0;
            fontslant = 0;
            pen = 0;
            oncombine = NONE;
            unit = "mm";
        };

        valuefield 
        {
            name = "AREA_field";
            location = (51, 0);
            formula = "GetValue(\"AREA\")";
            maxnumoflines = 1;
            datatype = DOUBLE;
            class = "Area";
            cacheable = TRUE;
            formatzeroasempty = FALSE;
            justify = RIGHT;
            visibility = TRUE;
            angle = 0;
            length = 10;
            decimals = 1;
            sortdirection = NONE;
            fontname = "Courier New";
            fontcolor = 153;
            fonttype = 2;
            fontsize = 0.8;
            fontratio = 0.75;
            fontstyle = 0;
            fontslant = 0;
            pen = 0;
            oncombine = SUM;
            unit = "m2";
        };

        valuefield 
        {
            name = "WEIGHT_field";
            location = (63, 0);
            formula = "GetValue(\"WEIGHT\")";
            maxnumoflines = 1;
            datatype = DOUBLE;
            class = "Weight";
            cacheable = TRUE;
            formatzeroasempty = FALSE;
            justify = RIGHT;
            visibility = TRUE;
            angle = 0;
            length = 10;
            decimals = 1;
            sortdirection = DESCENDING;
            fontname = "Courier New";
            fontcolor = 153;
            fonttype = 2;
            fontsize = 0.8;
            fontratio = 0.75;
            fontstyle = 0;
            fontslant = 0;
            pen = 0;
            oncombine = NONE;
            unit = "kg";
        };

        row 
        {
            name = "SUMMARY";
            height = 3;
            visibility = TRUE;
            usecolumns = FALSE;
            rule = "if (GetValue(\"PROFILE\") != NextValue(\"PROFILE\")||IsLast()) then\n  Output()\nelse\n  StepOver()\nendif";
            contenttype = "SUMMARY";
            sorttype = COMBINE;

            valuefield 
            {
                name = "sum_LENGTH";
                location = (35, 1);
                formula = "Sum(\"LENGTH_T\")";
                maxnumoflines = 1;
                datatype = DOUBLE;
                class = "";
                cacheable = TRUE;
                formatzeroasempty = FALSE;
                justify = RIGHT;
                visibility = TRUE;
                angle = 0;
                length = 13;
                decimals = 0;
                sortdirection = DESCENDING;
                fontname = "Courier New";
                fontcolor = 153;
                fonttype = 2;
                fontsize = 0.8;
                fontratio = 0.75;
                fontstyle = 0;
                fontslant = 0;
                pen = 0;
                oncombine = NONE;
            };

            valuefield 
            {
                name = "sum_AREA";
                location = (51, 1);
                formula = "Sum(\"AREA_T\")";
                maxnumoflines = 1;
                datatype = DOUBLE;
                class = "Area";
                cacheable = TRUE;
                formatzeroasempty = FALSE;
                justify = RIGHT;
                visibility = TRUE;
                angle = 0;
                length = 10;
                decimals = 1;
                sortdirection = DESCENDING;
                fontname = "Courier New";
                fontcolor = 153;
                fonttype = 2;
                fontsize = 0.8;
                fontratio = 0.75;
                fontstyle = 0;
                fontslant = 0;
                pen = 0;
                oncombine = NONE;
                unit = "m2";
            };

            valuefield 
            {
                name = "sum_WEIGHT";
                location = (63, 1);
                formula = "Sum(\"WEIGHT_T\")";
                maxnumoflines = 1;
                datatype = DOUBLE;
                class = "Weight";
                cacheable = TRUE;
                formatzeroasempty = FALSE;
                justify = RIGHT;
                visibility = TRUE;
                angle = 0;
                length = 10;
                decimals = 1;
                sortdirection = DESCENDING;
                fontname = "Courier New";
                fontcolor = 153;
                fonttype = 2;
                fontsize = 0.8;
                fontratio = 0.75;
                fontstyle = 0;
                fontslant = 0;
                pen = 0;
                oncombine = NONE;
                unit = "kg";
            };

            text 
            {
                name = "text_81";
                x1 = 54;
                y1 = 2;
                x2 = 54;
                y2 = 2;
                string = "-------------------------";
                fontname = "Courier New";
                fontcolor = 153;
                fonttype = 2;
                fontsize = 0.8;
                fontratio = 0.75;
                fontslant = 0;
                fontstyle = 0;
                angle = 0;
                justify = LEFT;
                pen = 0;
            };

            text 
            {
                name = "text_59";
                x1 = 36;
                y1 = 2;
                x2 = 36;
                y2 = 2;
                string = "------------------";
                fontname = "Courier New";
                fontcolor = 153;
                fonttype = 2;
                fontsize = 0.8;
                fontratio = 0.75;
                fontslant = 0;
                fontstyle = 0;
                angle = 0;
                justify = LEFT;
                pen = 0;
            };

            text 
            {
                name = "text_60";
                x1 = 18;
                y1 = 2;
                x2 = 18;
                y2 = 2;
                string = "------------------";
                fontname = "Courier New";
                fontcolor = 153;
                fonttype = 2;
                fontsize = 0.8;
                fontratio = 0.75;
                fontslant = 0;
                fontstyle = 0;
                angle = 0;
                justify = LEFT;
                pen = 0;
            };

            text 
            {
                name = "text_2531";
                x1 = 0;
                y1 = 2;
                x2 = 0;
                y2 = 2;
                string = "------------------";
                fontname = "Courier New";
                fontcolor = 153;
                fonttype = 2;
                fontsize = 0.8;
                fontratio = 0.75;
                fontslant = 0;
                fontstyle = 0;
                angle = 0;
                justify = LEFT;
                pen = 0;
            };
        };

        valuefield _tmp_1146
        {
            name = "LENGTH_T";
            location = (79, 0);
            formula = "GetValue(\"LENGTH\")";
            maxnumoflines = 1;
            datatype = DOUBLE;
            class = "Length";
            cacheable = TRUE;
            formatzeroasempty = FALSE;
            justify = RIGHT;
            visibility = FALSE;
            angle = 0;
            length = 1;
            decimals = 0;
            sortdirection = DESCENDING;
            fontname = "Courier New";
            fontcolor = 153;
            fonttype = 2;
            fontsize = 0.8;
            fontratio = 0.75;
            fontstyle = 0;
            fontslant = 0;
            pen = 0;
            oncombine = SUM;
            unit = "mm";
        };

        valuefield _tmp_1148
        {
            name = "AREA_T";
            location = (77, 0);
            formula = "GetValue(\"AREA\")";
            maxnumoflines = 1;
            datatype = DOUBLE;
            class = "Area";
            cacheable = TRUE;
            formatzeroasempty = FALSE;
            justify = RIGHT;
            visibility = FALSE;
            angle = 0;
            length = 1;
            decimals = 1;
            sortdirection = DESCENDING;
            fontname = "Courier New";
            fontcolor = 153;
            fonttype = 2;
            fontsize = 0.8;
            fontratio = 0.75;
            fontstyle = 0;
            fontslant = 0;
            pen = 0;
            oncombine = SUM;
            unit = "m2";
        };

        valuefield _tmp_1151
        {
            name = "WEIGHT_T";
            location = (74, 0);
            formula = "GetValue(\"WEIGHT\")";
            maxnumoflines = 1;
            datatype = DOUBLE;
            class = "Weight";
            cacheable = TRUE;
            formatzeroasempty = FALSE;
            justify = RIGHT;
            visibility = FALSE;
            angle = 0;
            length = 1;
            decimals = 1;
            sortdirection = DESCENDING;
            fontname = "Courier New";
            fontcolor = 153;
            fonttype = 2;
            fontsize = 0.8;
            fontratio = 0.75;
            fontstyle = 0;
            fontslant = 0;
            pen = 0;
            oncombine = SUM;
            unit = "kg";
        };
    };

    footer 
    {
        name = "FOOTER";
        height = 3;

        valuefield 
        {
            name = "total_WEIGHT";
            location = (63, 1);
            formula = "Total(\"WEIGHT_T\")";
            maxnumoflines = 1;
            datatype = DOUBLE;
            class = "Weight";
            cacheable = TRUE;
            formatzeroasempty = FALSE;
            justify = RIGHT;
            visibility = TRUE;
            angle = 0;
            length = 10;
            decimals = 1;
            sortdirection = NONE;
            fontname = "Courier New";
            fontcolor = 153;
            fonttype = 2;
            fontsize = 0.8;
            fontratio = 0.75;
            fontstyle = 0;
            fontslant = 0;
            pen = 0;
            oncombine = NONE;
            unit = "kg";
        };

        text 
        {
            name = "text_2746";
            x1 = 70;
            y1 = 2;
            x2 = 70;
            y2 = 2;
            string = "---------";
            fontname = "Courier New";
            fontcolor = 153;
            fonttype = 2;
            fontsize = 0.8;
            fontratio = 0.75;
            fontslant = 0;
            fontstyle = 0;
            angle = 0;
            justify = LEFT;
            pen = 0;
        };

        text 
        {
            name = "text_2745";
            x1 = 54;
            y1 = 2;
            x2 = 54;
            y2 = 2;
            string = "----------------";
            fontname = "Courier New";
            fontcolor = 153;
            fonttype = 2;
            fontsize = 0.8;
            fontratio = 0.75;
            fontslant = 0;
            fontstyle = 0;
            angle = 0;
            justify = LEFT;
            pen = 0;
        };

        text 
        {
            name = "text_2744";
            x1 = 36;
            y1 = 2;
            x2 = 36;
            y2 = 2;
            string = "------------------";
            fontname = "Courier New";
            fontcolor = 153;
            fonttype = 2;
            fontsize = 0.8;
            fontratio = 0.75;
            fontslant = 0;
            fontstyle = 0;
            angle = 0;
            justify = LEFT;
            pen = 0;
        };

        text 
        {
            name = "text_2742";
            x1 = 0;
            y1 = 2;
            x2 = 0;
            y2 = 2;
            string = "------------------";
            fontname = "Courier New";
            fontcolor = 153;
            fonttype = 2;
            fontsize = 0.8;
            fontratio = 0.75;
            fontslant = 0;
            fontstyle = 0;
            angle = 0;
            justify = LEFT;
            pen = 0;
        };

        text 
        {
            name = "text_68";
            x1 = 36;
            y1 = 0;
            x2 = 36;
            y2 = 0;
            string = "------------------";
            fontname = "Courier New";
            fontcolor = 153;
            fonttype = 2;
            fontsize = 0.8;
            fontratio = 0.75;
            fontslant = 0;
            fontstyle = 0;
            angle = 0;
            justify = LEFT;
            pen = 0;
        };

        text 
        {
            name = "text_179";
            x1 = 74;
            y1 = 1;
            x2 = 74;
            y2 = 1;
            string = "kg";
            fontname = "Courier New";
            fontcolor = 153;
            fonttype = 2;
            fontsize = 0.8;
            fontratio = 0.75;
            fontslant = 0;
            fontstyle = 0;
            angle = 0;
            justify = LEFT;
            pen = 0;
        };

        text 
        {
            name = "text_163";
            x1 = 54;
            y1 = 1;
            x2 = 54;
            y2 = 1;
            string = "Suma:";
            fontname = "Courier New";
            fontcolor = 153;
            fonttype = 2;
            fontsize = 0.8;
            fontratio = 0.75;
            fontslant = 0;
            fontstyle = 0;
            angle = 0;
            justify = LEFT;
            pen = 0;
        };

        text 
        {
            name = "text_160";
            x1 = 70;
            y1 = 0;
            x2 = 70;
            y2 = 0;
            string = "---------";
            fontname = "Courier New";
            fontcolor = 153;
            fonttype = 2;
            fontsize = 0.8;
            fontratio = 0.75;
            fontslant = 0;
            fontstyle = 0;
            angle = 0;
            justify = LEFT;
            pen = 0;
        };

        text 
        {
            name = "text_69";
            x1 = 18;
            y1 = 0;
            x2 = 18;
            y2 = 0;
            string = "------------------";
            fontname = "Courier New";
            fontcolor = 153;
            fonttype = 2;
            fontsize = 0.8;
            fontratio = 0.75;
            fontslant = 0;
            fontstyle = 0;
            angle = 0;
            justify = LEFT;
            pen = 0;
        };

        text 
        {
            name = "text_2743";
            x1 = 18;
            y1 = 2;
            x2 = 18;
            y2 = 2;
            string = "------------------";
            fontname = "Courier New";
            fontcolor = 153;
            fonttype = 2;
            fontsize = 0.8;
            fontratio = 0.75;
            fontslant = 0;
            fontstyle = 0;
            angle = 0;
            justify = LEFT;
            pen = 0;
        };

        text 
        {
            name = "text_79";
            x1 = 54;
            y1 = 0;
            x2 = 54;
            y2 = 0;
            string = "----------------";
            fontname = "Courier New";
            fontcolor = 153;
            fonttype = 2;
            fontsize = 0.8;
            fontratio = 0.75;
            fontslant = 0;
            fontstyle = 0;
            angle = 0;
            justify = LEFT;
            pen = 0;
        };

        text 
        {
            name = "text_2532";
            x1 = 0;
            y1 = 0;
            x2 = 0;
            y2 = 0;
            string = "------------------";
            fontname = "Courier New";
            fontcolor = 153;
            fonttype = 2;
            fontsize = 0.8;
            fontratio = 0.75;
            fontslant = 0;
            fontstyle = 0;
            angle = 0;
            justify = LEFT;
            pen = 0;
        };
    };
};
